1
3 7
2
2 10
5 8
2
3 8
1 12
2
5 9
6 7
1
3 9
1
8 12
1
6 8
3
11 12
7 12
4 5
1
3 7
1
3 4
1
1 12
1
7 8
2
2 5
3 6
1
3 4
4
7 9
8 16
4 15
3 15
5
3 14
5 11
9 11
10 13
2 13
1
6 13
2
2 5
11 14
1
1 5
2
3 7
4 7
1
5 7
1
5 10
1
3 5
0
1
1 8
1
3 9
0
1
2 7
1
7 8
1
1 3
2
4 6
2 9
1
1 2
0
1
2 7
2
4 6
3 6
0
1
2 7
2
5 10
8 11
2
6 9
2 9
2
8 9
5 9
3
7 11
3 11
6 9
2
1 8
6 8
3
1 11
2 11
5 9
0
2
1 7
2 12
1
4 9
1
1 5
1
4 7
1
4 5
0
1
1 11
1
1 4
1
1 5
1
1 2
1
7 11
1
3 4
2
1 13
9 13
1
5 11
0
1
8 12
1
3 4
1
8 10
1
1 2
2
5 8
3 12
2
11 12
5 9
1
5 6
1
5 6
2
6 10
2 8
2
7 8
1 6
1
7 9
0
2
5 6
1 2
0
2
7 11
2 11
2
2 8
4 6
0
1
3 11
1
2 5
2
3 4
5 6
0
1
1 5
2
5 7
1 7
1
6 8
0
1
3 8
3
3 11
5 13
4 9
1
1 2
1
1 6
3
6 9
1 14
8 11
0
3
9 16
6 8
2 8
1
1 6
1
4 6
1
1 2
0
1
6 8
0
