3
1 12
9 12
10 11
2
9 10
11 14
0
0
2
2 7
4 7
3
1 10
2 10
4 10
1
1 3
1
6 9
3
1 10
2 10
7 9
1
6 9
2
2 13
10 11
1
4 7
1
4 10
1
2 5
2
8 13
5 10
1
6 10
3
4 10
9 10
5 12
1
1 2
1
1 14
0
1
2 12
1
7 9
1
3 9
1
10 12
1
4 7
1
7 8
1
1 16
1
1 2
2
5 10
8 11
3
2 10
3 10
6 8
1
3 10
1
7 8
1
2 7
1
5 8
4
1 12
10 12
2 12
6 14
3
10 11
2 9
1 9
1
6 10
1
3 4
2
2 7
6 7
2
6 11
4 10
2
3 18
1 5
1
10 13
1
4 8
1
2 3
0
1
7 12
5
11 14
3 14
9 12
6 12
1 12
2
1 11
6 7
1
3 4
1
2 4
3
8 10
4 6
2 6
0
4
7 12
6 12
4 12
11 14
2
4 11
6 9
3
8 15
2 10
3 12
2
8 11
9 11
1
4 5
1
4 7
3
5 9
2 9
1 9
3
14 17
2 5
16 18
0
2
6 11
9 12
4
2 16
10 15
8 12
4 17
1
4 8
1
10 11
1
2 5
1
1 9
3
4 15
3 16
2 16
2
4 7
1 11
1
8 9
2
3 9
7 9
0
0
1
2 7
2
3 15
10 18
1
8 11
1
5 6
1
8 11
0
1
13 14
1
4 5
1
9 14
1
6 10
0
3
1 13
5 12
14 16
