1
6 12
1
3 10
3
2 13
3 19
7 19
1
7 8
1
13 18
2
2 11
1 8
1
1 13
2
5 8
2 7
1
1 12
2
9 13
1 8
1
4 12
0
1
6 10
2
3 4
5 6
5
19 22
21 25
5 25
11 13
4 7
1
7 9
1
2 3
3
11 16
5 16
1 17
1
1 5
3
11 12
15 17
4 17
1
4 12
1
8 17
2
11 19
7 19
2
4 8
11 12
1
8 13
0
1
1 12
1
3 4
5
2 5
18 19
12 19
9 19
15 19
2
9 14
2 3
2
6 13
11 13
1
4 6
3
7 10
11 12
3 4
5
6 15
2 15
12 21
9 21
7 21
1
1 18
3
8 10
5 10
13 16
1
1 6
1
8 17
2
5 11
1 2
1
8 10
1
3 5
3
7 9
3 9
5 10
3
7 12
9 12
2 5
3
1 8
12 13
4 13
1
5 8
1
9 10
1
2 5
2
4 12
3 10
1
8 11
1
4 8
3
2 15
12 15
1 15
1
2 9
1
3 5
2
3 8
7 15
3
3 10
6 10
9 12
2
1 9
2 9
1
10 12
2
6 8
4 12
3
3 11
9 14
8 12
1
3 14
1
1 11
3
9 16
5 16
3 16
3
2 12
11 12
1 14
1
4 7
1
2 11
4
7 11
4 12
6 12
3 12
1
2 7
2
4 8
9 11
1
5 6
1
17 19
